// Jest Snapshot v1, https://goo.gl/fbAQLP

exports[`Nav should match the snapshot 1`] = `
ShallowWrapper {
  "length": 1,
  Symbol(enzyme.__root__): [Circular],
  Symbol(enzyme.__unrendered__): <Nav
    setToken={
      [MockFunction] {
        "calls": Array [
          Array [
            "ya29.GlxpBSxcPM6wYT3djOnQ7SjuuiI9r3CZZlhqq0njhl3mVFNi59h3tJ20qwmOnpf5wNdRh1aBweKC0s3N5VPxYRioKTGir3EB5-Znpn0U7yyACYskQIqc9NAZbX2QhA",
          ],
        ],
      }
    }
  />,
  Symbol(enzyme.__renderer__): Object {
    "batchedUpdates": [Function],
    "getNode": [Function],
    "render": [Function],
    "simulateEvent": [Function],
    "unmount": [Function],
  },
  Symbol(enzyme.__node__): Object {
    "instance": null,
    "key": undefined,
    "nodeType": "host",
    "props": Object {
      "children": Array [
        <h1>
          Village Calendar
        </h1>,
        <div>
          <button
            onClick={[Function]}
          >
            Log Out
          </button>
        </div>,
      ],
      "className": "nav",
    },
    "ref": null,
    "rendered": Array [
      Object {
        "instance": null,
        "key": undefined,
        "nodeType": "host",
        "props": Object {
          "children": "Village Calendar",
        },
        "ref": null,
        "rendered": "Village Calendar",
        "type": "h1",
      },
      Object {
        "instance": null,
        "key": undefined,
        "nodeType": "host",
        "props": Object {
          "children": <button
            onClick={[Function]}
          >
            Log Out
          </button>,
        },
        "ref": null,
        "rendered": Object {
          "instance": null,
          "key": undefined,
          "nodeType": "host",
          "props": Object {
            "children": "Log Out",
            "onClick": [Function],
          },
          "ref": null,
          "rendered": "Log Out",
          "type": "button",
        },
        "type": "div",
      },
    ],
    "type": "div",
  },
  Symbol(enzyme.__nodes__): Array [
    Object {
      "instance": null,
      "key": undefined,
      "nodeType": "host",
      "props": Object {
        "children": Array [
          <h1>
            Village Calendar
          </h1>,
          <div>
            <button
              onClick={[Function]}
            >
              Log Out
            </button>
          </div>,
        ],
        "className": "nav",
      },
      "ref": null,
      "rendered": Array [
        Object {
          "instance": null,
          "key": undefined,
          "nodeType": "host",
          "props": Object {
            "children": "Village Calendar",
          },
          "ref": null,
          "rendered": "Village Calendar",
          "type": "h1",
        },
        Object {
          "instance": null,
          "key": undefined,
          "nodeType": "host",
          "props": Object {
            "children": <button
              onClick={[Function]}
            >
              Log Out
            </button>,
          },
          "ref": null,
          "rendered": Object {
            "instance": null,
            "key": undefined,
            "nodeType": "host",
            "props": Object {
              "children": "Log Out",
              "onClick": [Function],
            },
            "ref": null,
            "rendered": "Log Out",
            "type": "button",
          },
          "type": "div",
        },
      ],
      "type": "div",
    },
  ],
  Symbol(enzyme.__options__): Object {
    "adapter": ReactSixteenAdapter {
      "options": Object {
        "enableComponentDidUpdateOnSetState": true,
      },
    },
  },
}
`;
