// Jest Snapshot v1, https://goo.gl/fbAQLP

exports[`EventCard should match the snapshot 1`] = `
ShallowWrapper {
  "length": 1,
  Symbol(enzyme.__root__): [Circular],
  Symbol(enzyme.__unrendered__): <EventCard
    event={
      Object {
        "description": "Fun with friends",
        "end": "2018-02-09T10:00:00-07:00",
        "eventID": "7js6e24fo0kin4qcotoegu37hg",
        "location": "Mi Casa",
        "start": "2018-02-09T09:00:00-07:00",
        "title": "Super Fun Party",
      }
    }
  />,
  Symbol(enzyme.__renderer__): Object {
    "batchedUpdates": [Function],
    "getNode": [Function],
    "render": [Function],
    "simulateEvent": [Function],
    "unmount": [Function],
  },
  Symbol(enzyme.__node__): Object {
    "instance": null,
    "key": undefined,
    "nodeType": "host",
    "props": Object {
      "children": Array [
        <h3>
          Add Event
        </h3>,
        <form
          onSubmit={[Function]}
        >
          <input
            name="title"
            onChange={[Function]}
            placeholder="Event title"
            type="text"
          />
          <input
            name="location"
            onChange={[Function]}
            placeholder="Event location"
            type="text"
          />
          <input
            name="summary"
            onChange={[Function]}
            placeholder="Event Description"
            type="text"
          />
          <div
            className="form-btn"
          >
            <button
              className="cancel-btn"
              onClick={[Function]}
            >
              Cancel
            </button>
            <button
              className="add-event-btn"
            >
              Submit
            </button>
          </div>
        </form>,
      ],
      "className": "add-event",
    },
    "ref": null,
    "rendered": Array [
      Object {
        "instance": null,
        "key": undefined,
        "nodeType": "host",
        "props": Object {
          "children": "Add Event",
        },
        "ref": null,
        "rendered": "Add Event",
        "type": "h3",
      },
      Object {
        "instance": null,
        "key": undefined,
        "nodeType": "host",
        "props": Object {
          "children": Array [
            <input
              name="title"
              onChange={[Function]}
              placeholder="Event title"
              type="text"
            />,
            <input
              name="location"
              onChange={[Function]}
              placeholder="Event location"
              type="text"
            />,
            <input
              name="summary"
              onChange={[Function]}
              placeholder="Event Description"
              type="text"
            />,
            <div
              className="form-btn"
            >
              <button
                className="cancel-btn"
                onClick={[Function]}
              >
                Cancel
              </button>
              <button
                className="add-event-btn"
              >
                Submit
              </button>
            </div>,
          ],
          "onSubmit": [Function],
        },
        "ref": null,
        "rendered": Array [
          Object {
            "instance": null,
            "key": undefined,
            "nodeType": "host",
            "props": Object {
              "name": "title",
              "onChange": [Function],
              "placeholder": "Event title",
              "type": "text",
            },
            "ref": null,
            "rendered": null,
            "type": "input",
          },
          Object {
            "instance": null,
            "key": undefined,
            "nodeType": "host",
            "props": Object {
              "name": "location",
              "onChange": [Function],
              "placeholder": "Event location",
              "type": "text",
            },
            "ref": null,
            "rendered": null,
            "type": "input",
          },
          Object {
            "instance": null,
            "key": undefined,
            "nodeType": "host",
            "props": Object {
              "name": "summary",
              "onChange": [Function],
              "placeholder": "Event Description",
              "type": "text",
            },
            "ref": null,
            "rendered": null,
            "type": "input",
          },
          Object {
            "instance": null,
            "key": undefined,
            "nodeType": "host",
            "props": Object {
              "children": Array [
                <button
                  className="cancel-btn"
                  onClick={[Function]}
                >
                  Cancel
                </button>,
                <button
                  className="add-event-btn"
                >
                  Submit
                </button>,
              ],
              "className": "form-btn",
            },
            "ref": null,
            "rendered": Array [
              Object {
                "instance": null,
                "key": undefined,
                "nodeType": "host",
                "props": Object {
                  "children": "Cancel",
                  "className": "cancel-btn",
                  "onClick": [Function],
                },
                "ref": null,
                "rendered": "Cancel",
                "type": "button",
              },
              Object {
                "instance": null,
                "key": undefined,
                "nodeType": "host",
                "props": Object {
                  "children": "Submit",
                  "className": "add-event-btn",
                },
                "ref": null,
                "rendered": "Submit",
                "type": "button",
              },
            ],
            "type": "div",
          },
        ],
        "type": "form",
      },
    ],
    "type": "div",
  },
  Symbol(enzyme.__nodes__): Array [
    Object {
      "instance": null,
      "key": undefined,
      "nodeType": "host",
      "props": Object {
        "children": Array [
          <h3>
            Add Event
          </h3>,
          <form
            onSubmit={[Function]}
          >
            <input
              name="title"
              onChange={[Function]}
              placeholder="Event title"
              type="text"
            />
            <input
              name="location"
              onChange={[Function]}
              placeholder="Event location"
              type="text"
            />
            <input
              name="summary"
              onChange={[Function]}
              placeholder="Event Description"
              type="text"
            />
            <div
              className="form-btn"
            >
              <button
                className="cancel-btn"
                onClick={[Function]}
              >
                Cancel
              </button>
              <button
                className="add-event-btn"
              >
                Submit
              </button>
            </div>
          </form>,
        ],
        "className": "add-event",
      },
      "ref": null,
      "rendered": Array [
        Object {
          "instance": null,
          "key": undefined,
          "nodeType": "host",
          "props": Object {
            "children": "Add Event",
          },
          "ref": null,
          "rendered": "Add Event",
          "type": "h3",
        },
        Object {
          "instance": null,
          "key": undefined,
          "nodeType": "host",
          "props": Object {
            "children": Array [
              <input
                name="title"
                onChange={[Function]}
                placeholder="Event title"
                type="text"
              />,
              <input
                name="location"
                onChange={[Function]}
                placeholder="Event location"
                type="text"
              />,
              <input
                name="summary"
                onChange={[Function]}
                placeholder="Event Description"
                type="text"
              />,
              <div
                className="form-btn"
              >
                <button
                  className="cancel-btn"
                  onClick={[Function]}
                >
                  Cancel
                </button>
                <button
                  className="add-event-btn"
                >
                  Submit
                </button>
              </div>,
            ],
            "onSubmit": [Function],
          },
          "ref": null,
          "rendered": Array [
            Object {
              "instance": null,
              "key": undefined,
              "nodeType": "host",
              "props": Object {
                "name": "title",
                "onChange": [Function],
                "placeholder": "Event title",
                "type": "text",
              },
              "ref": null,
              "rendered": null,
              "type": "input",
            },
            Object {
              "instance": null,
              "key": undefined,
              "nodeType": "host",
              "props": Object {
                "name": "location",
                "onChange": [Function],
                "placeholder": "Event location",
                "type": "text",
              },
              "ref": null,
              "rendered": null,
              "type": "input",
            },
            Object {
              "instance": null,
              "key": undefined,
              "nodeType": "host",
              "props": Object {
                "name": "summary",
                "onChange": [Function],
                "placeholder": "Event Description",
                "type": "text",
              },
              "ref": null,
              "rendered": null,
              "type": "input",
            },
            Object {
              "instance": null,
              "key": undefined,
              "nodeType": "host",
              "props": Object {
                "children": Array [
                  <button
                    className="cancel-btn"
                    onClick={[Function]}
                  >
                    Cancel
                  </button>,
                  <button
                    className="add-event-btn"
                  >
                    Submit
                  </button>,
                ],
                "className": "form-btn",
              },
              "ref": null,
              "rendered": Array [
                Object {
                  "instance": null,
                  "key": undefined,
                  "nodeType": "host",
                  "props": Object {
                    "children": "Cancel",
                    "className": "cancel-btn",
                    "onClick": [Function],
                  },
                  "ref": null,
                  "rendered": "Cancel",
                  "type": "button",
                },
                Object {
                  "instance": null,
                  "key": undefined,
                  "nodeType": "host",
                  "props": Object {
                    "children": "Submit",
                    "className": "add-event-btn",
                  },
                  "ref": null,
                  "rendered": "Submit",
                  "type": "button",
                },
              ],
              "type": "div",
            },
          ],
          "type": "form",
        },
      ],
      "type": "div",
    },
  ],
  Symbol(enzyme.__options__): Object {
    "adapter": ReactSixteenAdapter {
      "options": Object {
        "enableComponentDidUpdateOnSetState": true,
      },
    },
  },
}
`;
