// Jest Snapshot v1, https://goo.gl/fbAQLP

exports[`EventCard should match the snapshot 1`] = `
ShallowWrapper {
  "length": 1,
  Symbol(enzyme.__root__): [Circular],
  Symbol(enzyme.__unrendered__): <EventCard
    event={
      Object {
        "description": "Fun with friends",
        "end": "2018-02-09T10:00:00-07:00",
        "eventID": "7js6e24fo0kin4qcotoegu37hg",
        "location": "Mi Casa",
        "start": "2018-02-09T09:00:00-07:00",
        "title": "Super Fun Party",
      }
    }
  />,
  Symbol(enzyme.__renderer__): Object {
    "batchedUpdates": [Function],
    "getNode": [Function],
    "render": [Function],
    "simulateEvent": [Function],
    "unmount": [Function],
  },
  Symbol(enzyme.__node__): Object {
    "instance": null,
    "key": undefined,
    "nodeType": "host",
    "props": Object {
      "children": Array [
        <h1>
          Event
        </h1>,
        <form
          onSubmit={[Function]}
        >
          <input
            name="title"
            onChange={[Function]}
            placeholder="Event title"
            type="text"
          />
          <input
            name="location"
            onChange={[Function]}
            placeholder="Event location"
            type="text"
          />
          <input
            name="summary"
            onChange={[Function]}
            placeholder="Event Description"
            type="text"
          />
          <button>
            Submit
          </button>
        </form>,
        <button
          onClick={[Function]}
        >
          Cancel
        </button>,
      ],
    },
    "ref": null,
    "rendered": Array [
      Object {
        "instance": null,
        "key": undefined,
        "nodeType": "host",
        "props": Object {
          "children": "Event",
        },
        "ref": null,
        "rendered": "Event",
        "type": "h1",
      },
      Object {
        "instance": null,
        "key": undefined,
        "nodeType": "host",
        "props": Object {
          "children": Array [
            <input
              name="title"
              onChange={[Function]}
              placeholder="Event title"
              type="text"
            />,
            <input
              name="location"
              onChange={[Function]}
              placeholder="Event location"
              type="text"
            />,
            <input
              name="summary"
              onChange={[Function]}
              placeholder="Event Description"
              type="text"
            />,
            <button>
              Submit
            </button>,
          ],
          "onSubmit": [Function],
        },
        "ref": null,
        "rendered": Array [
          Object {
            "instance": null,
            "key": undefined,
            "nodeType": "host",
            "props": Object {
              "name": "title",
              "onChange": [Function],
              "placeholder": "Event title",
              "type": "text",
            },
            "ref": null,
            "rendered": null,
            "type": "input",
          },
          Object {
            "instance": null,
            "key": undefined,
            "nodeType": "host",
            "props": Object {
              "name": "location",
              "onChange": [Function],
              "placeholder": "Event location",
              "type": "text",
            },
            "ref": null,
            "rendered": null,
            "type": "input",
          },
          Object {
            "instance": null,
            "key": undefined,
            "nodeType": "host",
            "props": Object {
              "name": "summary",
              "onChange": [Function],
              "placeholder": "Event Description",
              "type": "text",
            },
            "ref": null,
            "rendered": null,
            "type": "input",
          },
          Object {
            "instance": null,
            "key": undefined,
            "nodeType": "host",
            "props": Object {
              "children": "Submit",
            },
            "ref": null,
            "rendered": "Submit",
            "type": "button",
          },
        ],
        "type": "form",
      },
      Object {
        "instance": null,
        "key": undefined,
        "nodeType": "host",
        "props": Object {
          "children": "Cancel",
          "onClick": [Function],
        },
        "ref": null,
        "rendered": "Cancel",
        "type": "button",
      },
    ],
    "type": "div",
  },
  Symbol(enzyme.__nodes__): Array [
    Object {
      "instance": null,
      "key": undefined,
      "nodeType": "host",
      "props": Object {
        "children": Array [
          <h1>
            Event
          </h1>,
          <form
            onSubmit={[Function]}
          >
            <input
              name="title"
              onChange={[Function]}
              placeholder="Event title"
              type="text"
            />
            <input
              name="location"
              onChange={[Function]}
              placeholder="Event location"
              type="text"
            />
            <input
              name="summary"
              onChange={[Function]}
              placeholder="Event Description"
              type="text"
            />
            <button>
              Submit
            </button>
          </form>,
          <button
            onClick={[Function]}
          >
            Cancel
          </button>,
        ],
      },
      "ref": null,
      "rendered": Array [
        Object {
          "instance": null,
          "key": undefined,
          "nodeType": "host",
          "props": Object {
            "children": "Event",
          },
          "ref": null,
          "rendered": "Event",
          "type": "h1",
        },
        Object {
          "instance": null,
          "key": undefined,
          "nodeType": "host",
          "props": Object {
            "children": Array [
              <input
                name="title"
                onChange={[Function]}
                placeholder="Event title"
                type="text"
              />,
              <input
                name="location"
                onChange={[Function]}
                placeholder="Event location"
                type="text"
              />,
              <input
                name="summary"
                onChange={[Function]}
                placeholder="Event Description"
                type="text"
              />,
              <button>
                Submit
              </button>,
            ],
            "onSubmit": [Function],
          },
          "ref": null,
          "rendered": Array [
            Object {
              "instance": null,
              "key": undefined,
              "nodeType": "host",
              "props": Object {
                "name": "title",
                "onChange": [Function],
                "placeholder": "Event title",
                "type": "text",
              },
              "ref": null,
              "rendered": null,
              "type": "input",
            },
            Object {
              "instance": null,
              "key": undefined,
              "nodeType": "host",
              "props": Object {
                "name": "location",
                "onChange": [Function],
                "placeholder": "Event location",
                "type": "text",
              },
              "ref": null,
              "rendered": null,
              "type": "input",
            },
            Object {
              "instance": null,
              "key": undefined,
              "nodeType": "host",
              "props": Object {
                "name": "summary",
                "onChange": [Function],
                "placeholder": "Event Description",
                "type": "text",
              },
              "ref": null,
              "rendered": null,
              "type": "input",
            },
            Object {
              "instance": null,
              "key": undefined,
              "nodeType": "host",
              "props": Object {
                "children": "Submit",
              },
              "ref": null,
              "rendered": "Submit",
              "type": "button",
            },
          ],
          "type": "form",
        },
        Object {
          "instance": null,
          "key": undefined,
          "nodeType": "host",
          "props": Object {
            "children": "Cancel",
            "onClick": [Function],
          },
          "ref": null,
          "rendered": "Cancel",
          "type": "button",
        },
      ],
      "type": "div",
    },
  ],
  Symbol(enzyme.__options__): Object {
    "adapter": ReactSixteenAdapter {
      "options": Object {
        "enableComponentDidUpdateOnSetState": true,
      },
    },
  },
}
`;
