// Jest Snapshot v1, https://goo.gl/fbAQLP

exports[`splash should match snapshot 1`] = `
ShallowWrapper {
  "length": 1,
  Symbol(enzyme.__root__): [Circular],
  Symbol(enzyme.__unrendered__): <Splash
    location={
      Object {
        "pathname": "/",
      }
    }
  />,
  Symbol(enzyme.__renderer__): Object {
    "batchedUpdates": [Function],
    "getNode": [Function],
    "render": [Function],
    "simulateEvent": [Function],
    "unmount": [Function],
  },
  Symbol(enzyme.__node__): Object {
    "instance": null,
    "key": undefined,
    "nodeType": "host",
    "props": Object {
      "children": Array [
        <div
          className="intro"
        >
          <h3>
            Welcome to Village Calendar, a calendar organization tool that allows you to:
          </h3>
          <ul>
            <li>
              Load an existing google calendar or create a new calendar.
            </li>
            <li>
              Share your calendar with friends and family.
            </li>
            <li>
              Manage your calendar by adding, editing, and deleting events.
            </li>
            <li>
              Receive email and google popup reminders 24 hours and 30 minutes before an event.
            </li>
          </ul>
        </div>,
        undefined,
        <Uncontrolled(Calendar)
          defaultDate={2016-01-01T00:00:00.000Z}
          events={
            Array [
              Object {
                "description": "Fun with friends",
                "end": "2018-02-09T10:00:00-07:00",
                "eventID": "7js6e24fo0kin4qcotoegu37hg",
                "location": "Mi Casa",
                "start": "2018-02-09T09:00:00-07:00",
                "title": "Super Fun Party",
              },
            ]
          }
          onNavigate={[Function]}
          onSelectEvent={[Function]}
          onSelectSlot={[Function]}
          onView={[Function]}
          style={
            Object {
              "height": "600px",
              "width": "850px",
            }
          }
          views={
            Object {
              "day": true,
              "month": true,
            }
          }
        />,
      ],
      "className": "calendar",
    },
    "ref": null,
    "rendered": Array [
      Object {
        "instance": null,
        "key": undefined,
        "nodeType": "host",
        "props": Object {
          "children": Array [
            <h3>
              Welcome to Village Calendar, a calendar organization tool that allows you to:
            </h3>,
            <ul>
              <li>
                Load an existing google calendar or create a new calendar.
              </li>
              <li>
                Share your calendar with friends and family.
              </li>
              <li>
                Manage your calendar by adding, editing, and deleting events.
              </li>
              <li>
                Receive email and google popup reminders 24 hours and 30 minutes before an event.
              </li>
            </ul>,
          ],
          "className": "intro",
        },
        "ref": null,
        "rendered": Array [
          Object {
            "instance": null,
            "key": undefined,
            "nodeType": "host",
            "props": Object {
              "children": "Welcome to Village Calendar, a calendar organization tool that allows you to:",
            },
            "ref": null,
            "rendered": "Welcome to Village Calendar, a calendar organization tool that allows you to:",
            "type": "h3",
          },
          Object {
            "instance": null,
            "key": undefined,
            "nodeType": "host",
            "props": Object {
              "children": Array [
                <li>
                  Load an existing google calendar or create a new calendar.
                </li>,
                <li>
                  Share your calendar with friends and family.
                </li>,
                <li>
                  Manage your calendar by adding, editing, and deleting events.
                </li>,
                <li>
                  Receive email and google popup reminders 24 hours and 30 minutes before an event.
                </li>,
              ],
            },
            "ref": null,
            "rendered": Array [
              Object {
                "instance": null,
                "key": undefined,
                "nodeType": "host",
                "props": Object {
                  "children": "Load an existing google calendar or create a new calendar.",
                },
                "ref": null,
                "rendered": "Load an existing google calendar or create a new calendar.",
                "type": "li",
              },
              Object {
                "instance": null,
                "key": undefined,
                "nodeType": "host",
                "props": Object {
                  "children": "Share your calendar with friends and family.",
                },
                "ref": null,
                "rendered": "Share your calendar with friends and family.",
                "type": "li",
              },
              Object {
                "instance": null,
                "key": undefined,
                "nodeType": "host",
                "props": Object {
                  "children": "Manage your calendar by adding, editing, and deleting events.",
                },
                "ref": null,
                "rendered": "Manage your calendar by adding, editing, and deleting events.",
                "type": "li",
              },
              Object {
                "instance": null,
                "key": undefined,
                "nodeType": "host",
                "props": Object {
                  "children": "Receive email and google popup reminders 24 hours and 30 minutes before an event.",
                },
                "ref": null,
                "rendered": "Receive email and google popup reminders 24 hours and 30 minutes before an event.",
                "type": "li",
              },
            ],
            "type": "ul",
          },
        ],
        "type": "div",
      },
      undefined,
      Object {
        "instance": null,
        "key": undefined,
        "nodeType": "class",
        "props": Object {
          "defaultDate": 2016-01-01T00:00:00.000Z,
          "events": Array [
            Object {
              "description": "Fun with friends",
              "end": "2018-02-09T10:00:00-07:00",
              "eventID": "7js6e24fo0kin4qcotoegu37hg",
              "location": "Mi Casa",
              "start": "2018-02-09T09:00:00-07:00",
              "title": "Super Fun Party",
            },
          ],
          "onNavigate": [Function],
          "onSelectEvent": [Function],
          "onSelectSlot": [Function],
          "onView": [Function],
          "style": Object {
            "height": "600px",
            "width": "850px",
          },
          "views": Object {
            "day": true,
            "month": true,
          },
        },
        "ref": null,
        "rendered": null,
        "type": [Function],
      },
    ],
    "type": "div",
  },
  Symbol(enzyme.__nodes__): Array [
    Object {
      "instance": null,
      "key": undefined,
      "nodeType": "host",
      "props": Object {
        "children": Array [
          <div
            className="intro"
          >
            <h3>
              Welcome to Village Calendar, a calendar organization tool that allows you to:
            </h3>
            <ul>
              <li>
                Load an existing google calendar or create a new calendar.
              </li>
              <li>
                Share your calendar with friends and family.
              </li>
              <li>
                Manage your calendar by adding, editing, and deleting events.
              </li>
              <li>
                Receive email and google popup reminders 24 hours and 30 minutes before an event.
              </li>
            </ul>
          </div>,
          undefined,
          <Uncontrolled(Calendar)
            defaultDate={2016-01-01T00:00:00.000Z}
            events={
              Array [
                Object {
                  "description": "Fun with friends",
                  "end": "2018-02-09T10:00:00-07:00",
                  "eventID": "7js6e24fo0kin4qcotoegu37hg",
                  "location": "Mi Casa",
                  "start": "2018-02-09T09:00:00-07:00",
                  "title": "Super Fun Party",
                },
              ]
            }
            onNavigate={[Function]}
            onSelectEvent={[Function]}
            onSelectSlot={[Function]}
            onView={[Function]}
            style={
              Object {
                "height": "600px",
                "width": "850px",
              }
            }
            views={
              Object {
                "day": true,
                "month": true,
              }
            }
          />,
        ],
        "className": "calendar",
      },
      "ref": null,
      "rendered": Array [
        Object {
          "instance": null,
          "key": undefined,
          "nodeType": "host",
          "props": Object {
            "children": Array [
              <h3>
                Welcome to Village Calendar, a calendar organization tool that allows you to:
              </h3>,
              <ul>
                <li>
                  Load an existing google calendar or create a new calendar.
                </li>
                <li>
                  Share your calendar with friends and family.
                </li>
                <li>
                  Manage your calendar by adding, editing, and deleting events.
                </li>
                <li>
                  Receive email and google popup reminders 24 hours and 30 minutes before an event.
                </li>
              </ul>,
            ],
            "className": "intro",
          },
          "ref": null,
          "rendered": Array [
            Object {
              "instance": null,
              "key": undefined,
              "nodeType": "host",
              "props": Object {
                "children": "Welcome to Village Calendar, a calendar organization tool that allows you to:",
              },
              "ref": null,
              "rendered": "Welcome to Village Calendar, a calendar organization tool that allows you to:",
              "type": "h3",
            },
            Object {
              "instance": null,
              "key": undefined,
              "nodeType": "host",
              "props": Object {
                "children": Array [
                  <li>
                    Load an existing google calendar or create a new calendar.
                  </li>,
                  <li>
                    Share your calendar with friends and family.
                  </li>,
                  <li>
                    Manage your calendar by adding, editing, and deleting events.
                  </li>,
                  <li>
                    Receive email and google popup reminders 24 hours and 30 minutes before an event.
                  </li>,
                ],
              },
              "ref": null,
              "rendered": Array [
                Object {
                  "instance": null,
                  "key": undefined,
                  "nodeType": "host",
                  "props": Object {
                    "children": "Load an existing google calendar or create a new calendar.",
                  },
                  "ref": null,
                  "rendered": "Load an existing google calendar or create a new calendar.",
                  "type": "li",
                },
                Object {
                  "instance": null,
                  "key": undefined,
                  "nodeType": "host",
                  "props": Object {
                    "children": "Share your calendar with friends and family.",
                  },
                  "ref": null,
                  "rendered": "Share your calendar with friends and family.",
                  "type": "li",
                },
                Object {
                  "instance": null,
                  "key": undefined,
                  "nodeType": "host",
                  "props": Object {
                    "children": "Manage your calendar by adding, editing, and deleting events.",
                  },
                  "ref": null,
                  "rendered": "Manage your calendar by adding, editing, and deleting events.",
                  "type": "li",
                },
                Object {
                  "instance": null,
                  "key": undefined,
                  "nodeType": "host",
                  "props": Object {
                    "children": "Receive email and google popup reminders 24 hours and 30 minutes before an event.",
                  },
                  "ref": null,
                  "rendered": "Receive email and google popup reminders 24 hours and 30 minutes before an event.",
                  "type": "li",
                },
              ],
              "type": "ul",
            },
          ],
          "type": "div",
        },
        undefined,
        Object {
          "instance": null,
          "key": undefined,
          "nodeType": "class",
          "props": Object {
            "defaultDate": 2016-01-01T00:00:00.000Z,
            "events": Array [
              Object {
                "description": "Fun with friends",
                "end": "2018-02-09T10:00:00-07:00",
                "eventID": "7js6e24fo0kin4qcotoegu37hg",
                "location": "Mi Casa",
                "start": "2018-02-09T09:00:00-07:00",
                "title": "Super Fun Party",
              },
            ],
            "onNavigate": [Function],
            "onSelectEvent": [Function],
            "onSelectSlot": [Function],
            "onView": [Function],
            "style": Object {
              "height": "600px",
              "width": "850px",
            },
            "views": Object {
              "day": true,
              "month": true,
            },
          },
          "ref": null,
          "rendered": null,
          "type": [Function],
        },
      ],
      "type": "div",
    },
  ],
  Symbol(enzyme.__options__): Object {
    "adapter": ReactSixteenAdapter {
      "options": Object {
        "enableComponentDidUpdateOnSetState": true,
      },
    },
  },
}
`;
